ARM Linker, RVCT3.1 [Build 939] for uVision [Standard]

================================================================================

Section Cross References

    lpc2300.o(STACK) refers (Special) to stkheap2.o(.text) for __use_two_region_memory
    lpc2300.o(HEAP) refers (Special) to stkheap2.o(.text) for __use_two_region_memory
    lpc2300.o(RESET) refers to lpc2300.o(STACK) for Stack_Top
    lpc2300.o(RESET) refers to __main.o(!!!main) for __main
    lpc2300.o(RESET) refers (Special) to stkheap2.o(.text) for __use_two_region_memory
    lpc2300.o(.text) refers to lpc2300.o(HEAP) for Heap_Mem
    lpc2300.o(.text) refers to lpc2300.o(STACK) for Stack_Mem
    lpc2300.o(.text) refers (Special) to stkheap2.o(.text) for __use_two_region_memory
    main.o(.text) refers to lcd_4bit.o(.text) for set_cursor
    main.o(.text) refers to serial.o(.text) for sendchar
    main.o(.text) refers to aeabi_sdiv.o(.text_udiv) for __aeabi_uidivmod
    main.o(.text) refers to main.o(.data) for i
    irq.o(.text) refers to main.o(.text) for LED_On
    irq.o(.text) refers to irq.o(.data) for .data
    lcd_4bit.o(.text) refers to lcd_4bit.o(.constdata) for UserFont
    retarget.o(.text) refers to serial.o(.text) for sendchar
    retarget.o(.text) refers (Special) to use_no_semi.o(.text) for __use_no_semihosting_swi
    retarget.o(.data) refers (Special) to use_no_semi.o(.text) for __use_no_semihosting_swi
    aeabi_sdiv.o(.text_udiv) refers to aeabi_sdiv.o(.text) for __arm_div4
    aeabi_sdiv_div0.o(.text_udiv) refers to aeabi_sdiv_div0.o(.text) for __arm_div4
    stkheap2.o(.text) refers to sys_stackheap_outer.o(.text) for __user_setup_stackheap
    stkheap2.o(.text) refers to rt_stackheap_storage_intlibspace.o(.text) for __rt_stackheap_storage
    __main.o(!!!main) refers to kernel.o(.text) for __rt_entry
    kernel.o(.text) refers to stkheap2.o(.text) for __rt_stackheap_init
    kernel.o(.text) refers to boardinit2.o(.text) for _platform_post_stackheap_init
    kernel.o(.text) refers to lib_init.o(.text) for __rt_lib_init
    kernel.o(.text) refers to boardinit3.o(.text) for _platform_post_lib_init
    kernel.o(.text) refers to exit.o(.text) for exit
    kernel.o(.text) refers to main.o(.text) for main
    kernel.o(.text) refers to retarget.o(.text) for _sys_exit
    kernel.o(.ARM.exidx) refers to kernel.o(.text) for __rt_entry
    sys_stackheap_outer.o(.text) refers to libspace.o(.text) for __user_perproc_libspace
    sys_stackheap_outer.o(.text) refers to lpc2300.o(.text) for __user_initial_stackheap
    aeabi_idiv0_sigfpe.o(.text) refers to rt_div0.o(.text) for __rt_div0
    rt_stackheap_storage.o(.text) refers to rt_stackheap_storage.o(.bss) for __rt_stackheap_storage_data
    rt_stackheap_storage_intlibspace.o(.text) refers to libspace.o(.bss) for __libspace_start
    libspace.o(.text) refers to libspace.o(.bss) for __libspace_start
    rt_div0.o(.text) refers to defsig_fpe_outer.o(.text) for __rt_SIGFPE
    exit.o(.text) refers to kernel.o(.text) for __rt_exit
    stkheap1.o(.text) refers to sys_stackheap_outer.o(.text) for __user_setup_stackheap
    stkheap1.o(.text) refers to rt_stackheap_storage_intlibspace.o(.text) for __rt_stackheap_storage
    lib_init.o(.emb_text) refers to no_argv.o(.text) for __ARM_get_argv
    lib_init.o(.text) refers to fpinit.o(x$fpl$fpinit) for _fp_init
    lib_init.o(.text) refers to lib_init.o(.emb_text) for __ARM_argv_veneer
    lib_init.o(.text) refers to rt_locale_intlibspace.o(.text) for __rt_locale
    rt_locale.o(.text) refers to rt_locale.o(.bss) for __rt_locale_data
    rt_locale_intlibspace.o(.text) refers to libspace.o(.bss) for __libspace_start
    defsig_fpe_outer.o(.text) refers to defsig_fpe_inner.o(.text) for __rt_SIGFPE_inner
    defsig_fpe_outer.o(.text) refers to defsig_exit.o(.text) for __sig_exit
    defsig_fpe_formal.o(.text) refers to rt_raise.o(.text) for __rt_raise
    _get_argv.o(.text) refers to heapext.o(.text) for __heap_extend
    _get_argv.o(.text) refers to defsig_rtmem_outer.o(.text) for __rt_SIGRTMEM
    _get_argv.o(.text) refers to sys_command.o(.text) for _sys_command_string
    _get_argv.o(.text) refers (Special) to hrguard.o(.text) for __heap_region_guard
    fpinit.o(x$fpl$fpinit) refers to rt_fp_status_addr_intlibspace.o(.text) for __rt_fp_status_addr
    sys_command.o(.text) refers (Special) to use_no_semi.o(.text) for __I_use_semihosting
    rt_raise.o(.text) refers to __raise.o(.text) for __raise
    rt_raise.o(.text) refers to retarget.o(.text) for _sys_exit
    rt_fp_status_addr.o(.text) refers to rt_fp_status_addr.o(.bss) for __rt_fp_status_addr_data
    rt_fp_status_addr_intlibspace.o(.text) refers to libspace.o(.bss) for __libspace_start
    defsig.o(CL$$defsig) refers to defsig_fpe_inner.o(.text) for __rt_SIGFPE_inner
    defsig.o(CL$$defsig) refers to defsig_rtmem_inner.o(.text) for __rt_SIGRTMEM_inner
    defsig_exit.o(.text) refers to retarget.o(.text) for _sys_exit
    defsig_fpe_inner.o(.text) refers to defsig_general.o(.text) for __default_signal_display
    defsig_rtmem_outer.o(.text) refers to defsig_rtmem_inner.o(.text) for __rt_SIGRTMEM_inner
    defsig_rtmem_outer.o(.text) refers to defsig_exit.o(.text) for __sig_exit
    defsig_rtmem_formal.o(.text) refers to rt_raise.o(.text) for __rt_raise
    heapext.o(.text) refers to stkheap2.o(.text) for __rt_heap_extend
    __raise.o(.text) refers to defsig.o(CL$$defsig) for __default_signal_handler
    __raise.o(.text) refers to callvia.o(.text) for __ARM_call_via_r2
    defsig_general.o(.text) refers to retarget.o(.text) for _ttywrch
    defsig_abrt_inner.o(.text) refers to defsig_general.o(.text) for __default_signal_display
    defsig_rtred_inner.o(.text) refers to defsig_general.o(.text) for __default_signal_display
    defsig_rtmem_inner.o(.text) refers to defsig_general.o(.text) for __default_signal_display
    defsig_stak_inner.o(.text) refers to defsig_general.o(.text) for __default_signal_display
    defsig_pvfn_inner.o(.text) refers to defsig_general.o(.text) for __default_signal_display
    defsig_cppl_inner.o(.text) refers to defsig_general.o(.text) for __default_signal_display
    defsig_segv_inner.o(.text) refers to defsig_general.o(.text) for __default_signal_display
    defsig_other.o(.text) refers to defsig_general.o(.text) for __default_signal_display


================================================================================

Removing Unused input sections from the image.

    Removing irq.o(.text), (240 bytes).
    Removing irq.o(.data), (7 bytes).
    Removing retarget.o(.data), (4 bytes).

3 unused section(s) (total 251 bytes) removed from the image.

================================================================================

Adding Veneers to the image

    Adding TA veneer (8 bytes, Short) for call to '__rt_exit' from exit.o(.text).
    Adding AT veneer (12 bytes, Long) for call to '__rt_lib_shutdown' from kernel.o(.text).
    Adding TA veneer (4 bytes, Inline) for call to '_fp_init' from lib_init.o(.text).
    Adding TA veneer (4 bytes, Inline) for call to '__rt_locale' from lib_init.o(.text).
    Adding AT veneer (8 bytes, Inline) for call to '__rt_lib_init' from kernel.o(.text).
    Adding TA veneer (4 bytes, Inline) for call to '__ARM_argv_veneer' from lib_init.o(.text).

6 Veneer(s) (total 40 bytes) added to the image.

================================================================================

Image Symbol Table

    Local Symbols

    Symbol Name                              Value     Ov Type        Size  Object(Section)

    RESET                                    0x00000000   Section      564  lpc2300.o(RESET)
    ../../angel/boardlib.s                   0x00000000   Number         0  boardinit1.o ABSOLUTE
    ../../angel/boardlib.s                   0x00000000   Number         0  boardinit3.o ABSOLUTE
    ../../angel/boardlib.s                   0x00000000   Number         0  boardshut.o ABSOLUTE
    ../../angel/boardlib.s                   0x00000000   Number         0  cpuinit.o ABSOLUTE
    ../../angel/boardlib.s                   0x00000000   Number         0  boardinit2.o ABSOLUTE
    ../../angel/dczerorl.s                   0x00000000   Number         0  __dczerorl.o ABSOLUTE
    ../../angel/handlers.s                   0x00000000   Number         0  __scatter_zi.o ABSOLUTE
    ../../angel/kernel.s                     0x00000000   Number         0  kernel.o ABSOLUTE
    ../../angel/rt.s                         0x00000000   Number         0  rt_stackheap_storage_intlibspace.o ABSOLUTE
    ../../angel/rt.s                         0x00000000   Number         0  aeabi_idiv0_sigfpe.o ABSOLUTE
    ../../angel/rt.s                         0x00000000   Number         0  aeabi_idiv0.o ABSOLUTE
    ../../angel/rt.s                         0x00000000   Number         0  rt_locale_intlibspace.o ABSOLUTE
    ../../angel/rt.s                         0x00000000   Number         0  rt_stackheap_storage.o ABSOLUTE
    ../../angel/rt.s                         0x00000000   Number         0  rt_locale.o ABSOLUTE
    ../../angel/rt.s                         0x00000000   Number         0  rt_fp_status_addr_intlibspace.o ABSOLUTE
    ../../angel/rt.s                         0x00000000   Number         0  rt_fp_status_addr.o ABSOLUTE
    ../../angel/rt.s                         0x00000000   Number         0  rt_raise.o ABSOLUTE
    ../../angel/rt.s                         0x00000000   Number         0  rt_div0.o ABSOLUTE
    ../../angel/scatter.s                    0x00000000   Number         0  __scatter.o ABSOLUTE
    ../../angel/startup.s                    0x00000000   Number         0  __main.o ABSOLUTE
    ../../angel/sys.s                        0x00000000   Number         0  sys_stackheap_outer.o ABSOLUTE
    ../../angel/sys.s                        0x00000000   Number         0  libspace.o ABSOLUTE
    ../../angel/sys.s                        0x00000000   Number         0  use_no_semi.o ABSOLUTE
    ../../angel/sysapp.c                     0x00000000   Number         0  sys_command.o ABSOLUTE
    ../../armsys.c                           0x00000000   Number         0  no_argv.o ABSOLUTE
    ../../armsys.c                           0x00000000   Number         0  lib_init.o ABSOLUTE
    ../../armsys.c                           0x00000000   Number         0  _get_argv.o ABSOLUTE
    ../../armsys.c                           0x00000000   Number         0  lib_init.o ABSOLUTE
    ../../division.s                         0x00000000   Number         0  aeabi_sdiv_div0.o ABSOLUTE
    ../../division.s                         0x00000000   Number         0  aeabi_sdiv.o ABSOLUTE
    ../../divrt.s                            0x00000000   Number         0  divrt_7tdmi_div0.o ABSOLUTE
    ../../divrt.s                            0x00000000   Number         0  divrt_7tdmi.o ABSOLUTE
    ../../fpinit.s                           0x00000000   Number         0  fpinit.o ABSOLUTE
    ../../heapalloc.c                        0x00000000   Number         0  hrguard.o ABSOLUTE
    ../../signal.c                           0x00000000   Number         0  defsig_cppl_inner.o ABSOLUTE
    ../../signal.c                           0x00000000   Number         0  defsig_segv_inner.o ABSOLUTE
    ../../signal.c                           0x00000000   Number         0  defsig_other.o ABSOLUTE
    ../../signal.c                           0x00000000   Number         0  defsig_rtred_inner.o ABSOLUTE
    ../../signal.c                           0x00000000   Number         0  defsig_fpe_formal.o ABSOLUTE
    ../../signal.c                           0x00000000   Number         0  defsig_fpe_outer.o ABSOLUTE
    ../../signal.c                           0x00000000   Number         0  defsig_pvfn_inner.o ABSOLUTE
    ../../signal.c                           0x00000000   Number         0  defsig_exit.o ABSOLUTE
    ../../signal.c                           0x00000000   Number         0  defsig_fpe_inner.o ABSOLUTE
    ../../signal.c                           0x00000000   Number         0  defsig_rtmem_outer.o ABSOLUTE
    ../../signal.c                           0x00000000   Number         0  defsig_rtmem_formal.o ABSOLUTE
    ../../signal.c                           0x00000000   Number         0  __raise.o ABSOLUTE
    ../../signal.c                           0x00000000   Number         0  defsig_general.o ABSOLUTE
    ../../signal.c                           0x00000000   Number         0  defsig_abrt_inner.o ABSOLUTE
    ../../signal.c                           0x00000000   Number         0  defsig_rtmem_inner.o ABSOLUTE
    ../../signal.c                           0x00000000   Number         0  defsig_stak_inner.o ABSOLUTE
    ../../signal.s                           0x00000000   Number         0  defsig.o ABSOLUTE
    ../../stdlib.c                           0x00000000   Number         0  exit.o ABSOLUTE
    ../../stkheap.s                          0x00000000   Number         0  heapext.o ABSOLUTE
    ../../stkheap1.s                         0x00000000   Number         0  stkheap1.o ABSOLUTE
    ../../stkheap2.s                         0x00000000   Number         0  stkheap2.o ABSOLUTE
    ../../unhosted.s                         0x00000000   Number         0  callvia.o ABSOLUTE
    IRQ.c                                    0x00000000   Number         0  irq.o ABSOLUTE
    LCD_4bit.c                               0x00000000   Number         0  lcd_4bit.o ABSOLUTE
    LPC2300.s                                0x00000000   Number         0  lpc2300.o ABSOLUTE
    Retarget.c                               0x00000000   Number         0  retarget.o ABSOLUTE
    Serial.c                                 0x00000000   Number         0  serial.o ABSOLUTE
    dc.s                                     0x00000000   Number         0  dc.o ABSOLUTE
    main.c                                   0x00000000   Number         0  main.o ABSOLUTE
    Undef_Handler                            0x00000040   ARM Code       4  lpc2300.o(RESET)
    SWI_Handler                              0x00000044   ARM Code       4  lpc2300.o(RESET)
    PAbt_Handler                             0x00000048   ARM Code       4  lpc2300.o(RESET)
    DAbt_Handler                             0x0000004c   ARM Code       4  lpc2300.o(RESET)
    IRQ_Handler                              0x00000050   ARM Code       4  lpc2300.o(RESET)
    FIQ_Handler                              0x00000054   ARM Code       4  lpc2300.o(RESET)
    !!!main                                  0x00000234   Section        8  __main.o(!!!main)
    !!!scatter                               0x0000023c   Section       60  __scatter.o(!!!scatter)
    !!dczerorl                               0x00000278   Section       68  __dczerorl.o(!!dczerorl)
    !!handler_zi                             0x000002bc   Section       44  __scatter_zi.o(!!handler_zi)
    .emb_text                                0x000002ec   Section       16  lib_init.o(.emb_text)
    .text                                    0x000002fc   Section       32  lpc2300.o(.text)
    .text                                    0x0000031c   Section     2472  main.o(.text)
    .text                                    0x00000cc4   Section      764  lcd_4bit.o(.text)
    delay                                    0x00000cc4   ARM Code      24  lcd_4bit.o(.text)
    lcd_read_status                          0x00000cdc   ARM Code     188  lcd_4bit.o(.text)
    wait_while_busy                          0x00000d98   ARM Code      36  lcd_4bit.o(.text)
    lcd_write_data                           0x00000e40   ARM Code      48  lcd_4bit.o(.text)
    .text                                    0x00000fc0   Section       72  retarget.o(.text)
    .text                                    0x00001008   Section      156  serial.o(.text)
    .text                                    0x000010a4   Section        4  use_no_semi.o(.text)
    .text                                    0x000010a8   Section      384  aeabi_sdiv.o(.text)
    __arm_div8                               0x000010d4   ARM Code       0  aeabi_sdiv.o(.text)
    __arm_div4                               0x00001104   ARM Code       0  aeabi_sdiv.o(.text)
    __arm_div_large                          0x00001158   ARM Code       0  aeabi_sdiv.o(.text)
    .text                                    0x00001228   Section       64  stkheap2.o(.text)
    .text                                    0x00001268   Section      104  kernel.o(.text)
    .text                                    0x000012d0   Section       96  sys_stackheap_outer.o(.text)
    .text                                    0x00001330   Section       16  rt_stackheap_storage_intlibspace.o(.text)
    .text                                    0x00001340   Section       12  libspace.o(.text)
    .text                                    0x0000134c   Section       12  exit.o(.text)
    .text                                    0x00001360   Section      206  lib_init.o(.text)
    .text                                    0x00001430   Section       12  boardinit2.o(.text)
    .text                                    0x0000143c   Section       16  boardinit3.o(.text)
    .text                                    0x00001450   Section       16  rt_locale_intlibspace.o(.text)
    .text                                    0x00001460   Section        6  no_argv.o(.text)
    .text                                    0x00001468   Section       16  rt_fp_status_addr_intlibspace.o(.text)
    .text_udiv                               0x00001478   Section       28  aeabi_sdiv.o(.text_udiv)
    x$fpl$fpinit                             0x000014ac   Section       24  fpinit.o(x$fpl$fpinit)
    .constdata                               0x000014c4   Section       64  lcd_4bit.o(.constdata)
    .data                                    0x40000000   Section     1163  main.o(.data)
    .bss                                     0x4000048c   Section       96  libspace.o(.bss)
    HEAP                                     0x400004f0   Number         0  lpc2300.o(HEAP)
    STACK                                    0x400004f0   Section     1288  lpc2300.o(STACK)
    Heap_Mem                                 0x400004f0   Number         0  lpc2300.o(HEAP)
    Stack_Mem                                0x400004f0   Data        1024  lpc2300.o(STACK)
    Stack_Top                                0x400009f8   Number         0  lpc2300.o(STACK)

    Global Symbols

    Symbol Name                              Value     Ov Type        Size  Object(Section)

    BuildAttributes$$THM_ISAv1$ARM_ISAv4$M$S$PE$A:L22$X:L11$S22$IEEE1$IW$USESV6$~STKCKD$USESV7$~SHL$OSPACE$EBA8$STANDARDLIB$REQ8$EABIv2 0x00000000   Number         0  anon$$obj.o ABSOLUTE
    __ARM_use_no_argv                        0x00000000   Number         0  main.o ABSOLUTE
    __ARM_exceptions_init                     - Undefined Weak Reference
    __Heap_DescSize                           - Undefined Weak Reference
    __alloca_initialize                       - Undefined Weak Reference
    __cpp_initialize__aeabi_                  - Undefined Weak Reference
    __cxa_finalize                            - Undefined Weak Reference
    __sigvec_lookup                           - Undefined Weak Reference
    __user_heap_extend                        - Undefined Weak Reference
    _atexit_init                              - Undefined Weak Reference
    _call_atexit_fns                          - Undefined Weak Reference
    _clock_init                               - Undefined Weak Reference
    _fp_trap_init                             - Undefined Weak Reference
    _get_lc_collate                           - Undefined Weak Reference
    _get_lc_ctype                             - Undefined Weak Reference
    _get_lc_monetary                          - Undefined Weak Reference
    _get_lc_numeric                           - Undefined Weak Reference
    _get_lc_time                              - Undefined Weak Reference
    _getenv_init                              - Undefined Weak Reference
    _handle_redirection                       - Undefined Weak Reference
    _init_alloc                               - Undefined Weak Reference
    _init_user_alloc                          - Undefined Weak Reference
    _initio                                   - Undefined Weak Reference
    _rand_init                                - Undefined Weak Reference
    _signal_init                              - Undefined Weak Reference
    _terminate_user_alloc                     - Undefined Weak Reference
    _terminateio                              - Undefined Weak Reference
    Reset_Handler                            0x00000058   ARM Code       0  lpc2300.o(RESET)
    __main                                   0x00000234   ARM Code       8  __main.o(!!!main)
    __scatterload                            0x0000023c   ARM Code       0  __scatter.o(!!!scatter)
    __scatterload_rt2                        0x0000023c   ARM Code      52  __scatter.o(!!!scatter)
    __scatterload_null                       0x00000250   ARM Code       0  __scatter.o(!!!scatter)
    __decompress                             0x00000278   ARM Code      68  __dczerorl.o(!!dczerorl)
    __decompress0                            0x00000278   ARM Code       0  __dczerorl.o(!!dczerorl)
    __scatterload_zeroinit                   0x000002bc   ARM Code      44  __scatter_zi.o(!!handler_zi)
    Inline Thumb to ARM Veneer to __ARM_argv_veneer 0x000002e9   Thumb Code     0  lib_init.o(.emb_text)
    __ARM_argv_veneer                        0x000002ec   ARM Code      16  lib_init.o(.emb_text)
    __user_initial_stackheap                 0x000002fc   ARM Code       0  lpc2300.o(.text)
    LED_Init                                 0x0000031c   ARM Code      36  main.o(.text)
    LED_On                                   0x00000340   ARM Code      20  main.o(.text)
    LED_Off                                  0x00000354   ARM Code      20  main.o(.text)
    LED_Out                                  0x00000368   ARM Code      24  main.o(.text)
    Disp_Bargraph                            0x00000380   ARM Code      92  main.o(.text)
    delay                                    0x000003dc   ARM Code      60  main.o(.text)
    T0_Handler                               0x00000418   ARM Code     220  main.o(.text)
    isEqualString                            0x000004f4   ARM Code     108  main.o(.text)
    sendString                               0x00000560   ARM Code      44  main.o(.text)
    WDTHandler                               0x0000058c   ARM Code      32  main.o(.text)
    WDTInit                                  0x000005ac   ARM Code      72  main.o(.text)
    playSong                                 0x000005f4   ARM Code     276  main.o(.text)
    InitplaySong                             0x00000708   ARM Code      96  main.o(.text)
    printTime                                0x00000768   ARM Code     248  main.o(.text)
    RTCInit                                  0x00000860   ARM Code      40  main.o(.text)
    UpdateTimer                              0x00000888   ARM Code      44  main.o(.text)
    main                                     0x000008b4   ARM Code     956  main.o(.text)
    lcd_write_4bit                           0x00000dbc   ARM Code      84  lcd_4bit.o(.text)
    lcd_write_cmd                            0x00000e10   ARM Code      48  lcd_4bit.o(.text)
    lcd_putchar                              0x00000e70   ARM Code      24  lcd_4bit.o(.text)
    lcd_init                                 0x00000e88   ARM Code     176  lcd_4bit.o(.text)
    set_cursor                               0x00000f38   ARM Code      48  lcd_4bit.o(.text)
    lcd_clear                                0x00000f68   ARM Code      32  lcd_4bit.o(.text)
    lcd_print                                0x00000f88   ARM Code      40  lcd_4bit.o(.text)
    fputc                                    0x00000fc0   ARM Code      28  retarget.o(.text)
    ferror                                   0x00000fdc   ARM Code      12  retarget.o(.text)
    _ttywrch                                 0x00000fe8   ARM Code      24  retarget.o(.text)
    _sys_exit                                0x00001000   ARM Code       8  retarget.o(.text)
    init_serial                              0x00001008   ARM Code      84  serial.o(.text)
    sendchar                                 0x0000105c   ARM Code      32  serial.o(.text)
    getkey                                   0x0000107c   ARM Code      32  serial.o(.text)
    __I_use_semihosting                      0x000010a4   ARM Code       0  use_no_semi.o(.text)
    __use_no_semihosting_swi                 0x000010a4   ARM Code       4  use_no_semi.o(.text)
    __aeabi_idiv                             0x000010a8   ARM Code       0  aeabi_sdiv.o(.text)
    __aeabi_idivmod                          0x000010a8   ARM Code     384  aeabi_sdiv.o(.text)
    __use_two_region_memory                  0x00001228   ARM Code       4  stkheap2.o(.text)
    __rt_stackheap_init                      0x0000122c   ARM Code      36  stkheap2.o(.text)
    __rt_heap_extend                         0x00001250   ARM Code      24  stkheap2.o(.text)
    __rt_entry                               0x00001268   ARM Code      76  kernel.o(.text)
    __rt_exit                                0x000012b4   ARM Code      20  kernel.o(.text)
    __rt_abort                               0x000012c8   ARM Code       8  kernel.o(.text)
    __user_setup_stackheap                   0x000012d0   ARM Code      96  sys_stackheap_outer.o(.text)
    __rt_stackheap_storage                   0x00001330   ARM Code      12  rt_stackheap_storage_intlibspace.o(.text)
    __user_libspace                          0x00001340   ARM Code       8  libspace.o(.text)
    __user_perproc_libspace                  0x00001340   ARM Code       0  libspace.o(.text)
    __user_perthread_libspace                0x00001340   ARM Code       0  libspace.o(.text)
    exit                                     0x0000134d   Thumb Code    12  exit.o(.text)
    Inline ARM to Thumb Veneer to __rt_lib_init 0x00001358   ARM Code       0  lib_init.o(.text)
    __rt_lib_init                            0x00001361   Thumb Code   184  lib_init.o(.text)
    __rt_lib_shutdown                        0x00001419   Thumb Code    22  lib_init.o(.text)
    _platform_post_stackheap_init            0x00001430   ARM Code      12  boardinit2.o(.text)
    _platform_post_lib_init                  0x0000143c   ARM Code      16  boardinit3.o(.text)
    Inline Thumb to ARM Veneer to __rt_locale 0x0000144d   Thumb Code     0  rt_locale_intlibspace.o(.text)
    __rt_locale                              0x00001450   ARM Code      12  rt_locale_intlibspace.o(.text)
    __ARM_get_argv                           0x00001461   Thumb Code     6  no_argv.o(.text)
    __rt_fp_status_addr                      0x00001468   ARM Code      12  rt_fp_status_addr_intlibspace.o(.text)
    __aeabi_uidiv                            0x00001478   ARM Code       0  aeabi_sdiv.o(.text_udiv)
    __aeabi_uidivmod                         0x00001478   ARM Code      28  aeabi_sdiv.o(.text_udiv)
    Long ARM to Thumb Veneer to __rt_lib_shutdown 0x00001494   ARM Code       0  anon$$obj.o(Veneer$$Code)
    Short Thumb to ARM Veneer to __rt_exit   0x000014a1   Thumb Code     0  anon$$obj.o(Veneer$$Code)
    Inline Thumb to ARM Veneer to _fp_init   0x000014a9   Thumb Code     0  fpinit.o(x$fpl$fpinit)
    _fp_init                                 0x000014ac   ARM Code      24  fpinit.o(x$fpl$fpinit)
    __fplib_config_pureend_doubles           0x000014bc   ARM Code       0  fpinit.o(x$fpl$fpinit)
    UserFont                                 0x000014c4   Data          64  lcd_4bit.o(.constdata)
    Region$$Table$$Base                      0x00001504   Number         0  anon$$obj.o(Region$$Table)
    Region$$Table$$Limit                     0x00001524   Number         0  anon$$obj.o(Region$$Table)
    Keys                                     0x40000000   Data         464  main.o(.data)
    arrFreq                                  0x400001d0   Data         128  main.o(.data)
    sine_table256                            0x40000250   Data         512  main.o(.data)
    i                                        0x40000450   Data           4  main.o(.data)
    n                                        0x40000454   Data           4  main.o(.data)
    dur                                      0x40000458   Data           4  main.o(.data)
    index                                    0x4000045c   Data           4  main.o(.data)
    freq                                     0x40000460   Data           4  main.o(.data)
    accum                                    0x40000464   Data           4  main.o(.data)
    flag                                     0x40000468   Data           4  main.o(.data)
    sample                                   0x4000046c   Data           1  main.o(.data)
    iNumber                                  0x40000470   Data           4  main.o(.data)
    iTimeReset                               0x40000474   Data           4  main.o(.data)
    h                                        0x40000478   Data           4  main.o(.data)
    m                                        0x4000047c   Data           4  main.o(.data)
    s                                        0x40000480   Data           4  main.o(.data)
    c                                        0x40000484   Data           1  main.o(.data)
    cTime                                    0x40000485   Data           6  main.o(.data)
    __libspace_start                         0x4000048c   Data          96  libspace.o(.bss)
    __temporary_stack_top_libspace           0x400004ec   Number         0  libspace.o(.bss)


================================================================================

Memory Map of the image

  Image Entry point : 0x00000234

  Load Region LR_IROM1 (Base: 0x00000000, Size: 0x000019b0, Max: 0x00080000, ABSOLUTE, COMPRESSED[0x00001850])

    Execution Region ER_IROM1 (Base: 0x00000000, Size: 0x00001524, Max: 0x00080000, ABSOLUTE)

    Base Addr    Size         Type   Attr      Idx    E Section Name        Object

    0x00000000   0x00000234   Code   RO            3    RESET               lpc2300.o
    0x00000234   0x00000008   Code   RO          115  * !!!main             __main.o(c_t.l)
    0x0000023c   0x0000003c   Code   RO          216    !!!scatter          __scatter.o(c_t.l)
    0x00000278   0x00000044   Code   RO          214    !!dczerorl          __dczerorl.o(c_t.l)
    0x000002bc   0x0000002c   Code   RO          218    !!handler_zi        __scatter_zi.o(c_t.l)
    0x000002e8   0x00000004   Ven    RO          140    .emb_text           lib_init.o(c_t.l)
    0x000002ec   0x00000010   Code   RO          140    .emb_text           lib_init.o(c_t.l)
    0x000002fc   0x00000020   Code   RO            4    .text               lpc2300.o
    0x0000031c   0x000009a8   Code   RO           12    .text               main.o
    0x00000cc4   0x000002fc   Code   RO           48    .text               lcd_4bit.o
    0x00000fc0   0x00000048   Code   RO           61    .text               retarget.o
    0x00001008   0x0000009c   Code   RO           81    .text               serial.o
    0x000010a4   0x00000004   Code   RO           95    .text               use_no_semi.o(c_t.l)
    0x000010a8   0x00000180   Code   RO           97    .text               aeabi_sdiv.o(c_t.l)
    0x00001228   0x00000040   Code   RO          113    .text               stkheap2.o(c_t.l)
    0x00001268   0x00000068   Code   RO          117    .text               kernel.o(c_t.l)
    0x000012d0   0x00000060   Code   RO          120    .text               sys_stackheap_outer.o(c_t.l)
    0x00001330   0x00000010   Code   RO          129    .text               rt_stackheap_storage_intlibspace.o(c_t.l)
    0x00001340   0x0000000c   Code   RO          131    .text               libspace.o(c_t.l)
    0x0000134c   0x0000000c   Code   RO          136    .text               exit.o(c_t.l)
    0x00001358   0x00000008   Ven    RO          141    .text               lib_init.o(c_t.l)
    0x00001360   0x000000ce   Code   RO          141    .text               lib_init.o(c_t.l)
    0x0000142e   0x00000002   PAD
    0x00001430   0x0000000c   Code   RO          146    .text               boardinit2.o(c_t.l)
    0x0000143c   0x00000010   Code   RO          148    .text               boardinit3.o(c_t.l)
    0x0000144c   0x00000004   Ven    RO          155    .text               rt_locale_intlibspace.o(c_t.l)
    0x00001450   0x00000010   Code   RO          155    .text               rt_locale_intlibspace.o(c_t.l)
    0x00001460   0x00000006   Code   RO          165    .text               no_argv.o(c_t.l)
    0x00001466   0x00000002   PAD
    0x00001468   0x00000010   Code   RO          176    .text               rt_fp_status_addr_intlibspace.o(c_t.l)
    0x00001478   0x0000001c   Code   RO           98    .text_udiv          aeabi_sdiv.o(c_t.l)
    0x00001494   0x0000000c   Ven    RO          224    Veneer$$Code        anon$$obj.o
    0x000014a0   0x00000008   Ven    RO          225    Veneer$$Code        anon$$obj.o
    0x000014a8   0x00000004   Ven    RO          167    x$fpl$fpinit        fpinit.o(fz_ts.l)
    0x000014ac   0x00000018   Code   RO          167    x$fpl$fpinit        fpinit.o(fz_ts.l)
    0x000014c4   0x00000040   Data   RO           49    .constdata          lcd_4bit.o
    0x00001504   0x00000020   Data   RO          213    Region$$Table       anon$$obj.o


    Execution Region RW_IRAM1 (Base: 0x40000000, Size: 0x000009f8, Max: 0x00008000, ABSOLUTE, COMPRESSED[0x0000032c])

    Base Addr    Size         Type   Attr      Idx    E Section Name        Object

    0x40000000   0x0000048b   Data   RW           13    .data               main.o
    0x4000048b   0x00000001   PAD
    0x4000048c   0x00000060   Zero   RW          132    .bss                libspace.o(c_t.l)
    0x400004ec   0x00000004   PAD
    0x400004f0   0x00000000   Zero   RW            2    HEAP                lpc2300.o
    0x400004f0   0x00000508   Zero   RW            1    STACK               lpc2300.o


================================================================================

Image component sizes


      Code (inc. data)   RO Data    RW Data    ZI Data      Debug   Object Name

       764         16         64          0          0       2960   lcd_4bit.o
       596         92          0          0       1288        528   lpc2300.o
      2472        212          0       1163          0       7460   main.o
        72          0          0          0          0       2230   retarget.o
       156          8          0          0          0        558   serial.o

    ------------------------------------------------------------------------
      4080        332         96       1164       1288      13736   Object Totals
        20          4         32          0          0          0   (incl. Generated)
         0          0          0          1          0          0   (incl. Padding)

    ------------------------------------------------------------------------

      Code (inc. data)   RO Data    RW Data    ZI Data      Debug   Library Member Name

        68          2          0          0          0          0   __dczerorl.o
         8          0          0          0          0          0   __main.o
        60          8          0          0          0          0   __scatter.o
        44          0          0          0          0          0   __scatter_zi.o
       412          0          0          0          0          0   aeabi_sdiv.o
        12          0          0          0          0          0   boardinit2.o
        16          0          0          0          0          0   boardinit3.o
        12          0          0          0          0          0   exit.o
        28          0          0          0          0          0   fpinit.o
       104          4          0          0          0          0   kernel.o
       234          4          0          0          0          0   lib_init.o
        12          4          0          0         96          0   libspace.o
         6          0          0          0          0          0   no_argv.o
        16          4          0          0          0          0   rt_fp_status_addr_intlibspace.o
        20          4          0          0          0          0   rt_locale_intlibspace.o
        16          4          0          0          0          0   rt_stackheap_storage_intlibspace.o
        64          0          0          0          0          0   stkheap2.o
        96          0          0          0          0          0   sys_stackheap_outer.o
         4          0          0          0          0          0   use_no_semi.o

    ------------------------------------------------------------------------
      1236         34          0          0        100          0   Library Totals
         4          0          0          0          4          0   (incl. Padding)

    ------------------------------------------------------------------------

      Code (inc. data)   RO Data    RW Data    ZI Data      Debug   Library Name

      1204         34          0          0         96          0   c_t.l
        28          0          0          0          0          0   fz_ts.l

    ------------------------------------------------------------------------
      1236         34          0          0        100          0   Library Totals

    ------------------------------------------------------------------------

================================================================================


      Code (inc. data)   RO Data    RW Data    ZI Data      Debug   

      5316        366         96       1164       1388      13736   Grand Totals
      5316        366         96        812       1388      13736   ELF Image Totals (compressed)
      5316        366         96        812          0          0   ROM Totals

================================================================================

    Total RO  Size (Code + RO Data)                 5412 (   5.29kB)
    Total RW  Size (RW Data + ZI Data)              2552 (   2.49kB)
    Total ROM Size (Code + RO Data + RW Data)       6224 (   6.08kB)

================================================================================

